--------------------------------------------------------------------------------
Release 8.2i Trace 
Copyright (c) 1995-2006 Xilinx, Inc.  All rights reserved.

C:\Xilinx\bin\nt\trce.exe -ise C:/Xilinx/SAGUN/Verilog/pong/pong.ise -intstyle
ise -e 3 -l 3 -s 5 -xml pong_top pong_top.ncd -o pong_top.twr pong_top.pcf -ucf
pong_top.ucf

Design file:              pong_top.ncd
Physical constraint file: pong_top.pcf
Device,speed:             xc3s500e,-5 (PRODUCTION 1.23 2006-05-10)
Report level:             error report

Environment Variable      Effect 
--------------------      ------ 
NONE                      No environment variables were set
--------------------------------------------------------------------------------

INFO:Timing:2752 - To get complete path coverage, use the unconstrained paths 
   option. All paths that are not constrained will be reported in the 
   unconstrained paths section(s) of the report.

================================================================================
Timing constraint: NET "clk_BUFGP/IBUFG" PERIOD = 20 ns HIGH 50%;

 16314 items analyzed, 0 timing errors detected. (0 setup errors, 0 hold errors)
 Minimum period is  14.187ns.
--------------------------------------------------------------------------------


All constraints were met.


Data Sheet report:
-----------------
All values displayed in nanoseconds (ns)

Clock to Setup on destination clock clk
---------------+---------+---------+---------+---------+
               | Src:Rise| Src:Fall| Src:Rise| Src:Fall|
Source Clock   |Dest:Rise|Dest:Rise|Dest:Fall|Dest:Fall|
---------------+---------+---------+---------+---------+
clk            |   14.187|         |         |         |
---------------+---------+---------+---------+---------+


Timing summary:
---------------

Timing errors: 0  Score: 0

Constraints cover 16314 paths, 0 nets, and 2044 connections

Design statistics:
   Minimum period:  14.187ns   (Maximum frequency:  70.487MHz)


Analysis completed Wed Aug 11 22:41:22 2010
--------------------------------------------------------------------------------

Trace Settings:
-------------------------
Trace Settings 

Peak Memory Usage: 130 MB



